<?xml version="1.0" encoding="UTF-8"?>
<gsml:MappedFeature
  xmlns:gsml="urn:cgi:xmlns:CGI:GeoSciML:2.0"
  xmlns:gml="http://www.opengis.net/gml" 
  xmlns:ogc="http://www.opengis.net/ogc"
  xmlns:ms="http://mapserver.gis.umn.edu/mapserver"
  xmlns:proc="urn:x-lcnp:proc" 
  mappedType="gsml:MappedFeatureType">
  <!-- the catalog does not use namespaces in the query (i should fix this)
<proc:namespace name="prefix">some.uri</proc:namespace>  -->
<!-- constant element, appears whatever the query,none in this case -->
 <proc:namespaces>
<proc:namespace name="gsml" context="src">urn:cgi:xmlns:CGI:GeoSciML:2.0</proc:namespace>
<proc:namespace name="gsml" context="target">http://www.cgi-iugs.org/xml/GeoSciML/1</proc:namespace>
<proc:namespace name="gml">http://www.opengis.net/gml</proc:namespace> 
<proc:namespace name="xlink">http://www.w3.org/1999/xlink</proc:namespace>
</proc:namespaces>
<proc:targetVersion>1.0.0</proc:targetVersion>
<gml:name>gsml:name</gml:name>
<gsml:shape>gsml:shape</gsml:shape>
<gsml:specification>
<gsml:GeologicUnit>
<gsml:preferredAge>
		<gsml:GeologicEvent>
		<gsml:eventAge>
			<gsml:CGI_TermValue>
				<gsml:value>gsml:specification/gsml:GeologicUnit/gsml:age/gsml:GeologicAge/gsml:value/gsml:CGI_TermRange/gsml:lower/gsml:CGI_TermValue/gsml:value</gsml:value>
<gsml:value>gsml:specification/gsml:GeologicUnit/gsml:age/gsml:GeologicAge/gsml:value/gsml:CGI_TermRange/gsml:upper/gsml:CGI_TermValue/gsml:value</gsml:value>			
			</gsml:CGI_TermValue>
			</gsml:eventAge>
		</gsml:GeologicEvent>
	</gsml:preferredAge>
	</gsml:GeologicUnit>
</gsml:specification>

</gsml:MappedFeature>
