<?xml version="1.0" encoding="UTF-8"?>
<gsml:GeologicUnit 
  xmlns:gsml="urn:cgi:xmlns:CGI:GeoSciML:2.0" 
  xmlns:gml="http://www.opengis.net/gml" 
  xmlns:ogc="http://www.opengis.net/ogc"
  xmlns:proc="urn:x-lcnp:proc" 
  mappedType="Geologicunit">
  <!-- the catalog does not use namespaces in the query (i should fix this)
<proc:namespace name="prefix">some.uri</proc:namespace>  -->
<!-- constant element, appears whatever the query,none in this case -->
 <proc:namespaces>
<proc:namespace name="gsml">urn:cgi:xmlns:CGI:GeoSciML:2.0</proc:namespace>
<proc:namespace name="gml">http://www.opengis.net/gml</proc:namespace> 
<proc:namespace name="xlink">http://www.w3.org/1999/xlink</proc:namespace>
</proc:namespaces>
<gml:name>f_name</gml:name>
<gml:name codeSpace="urn:ietf:rfc:2141">guid</gml:name>
	<gsml:preferredAge>
		<gsml:GeologicEvent>
		<gsml:eventAge>
			<gsml:CGI_TermValue>
				<gsml:value>preferredAge/GeologicEvent/age/ControlledConcept/guid</gsml:value>
			</gsml:CGI_TermValue>
			</gsml:eventAge>
		</gsml:GeologicEvent>
	</gsml:preferredAge>
	<!-- gsml:occurrence/gsml:MappedFeature/gsml:shape -->
	<gsml:occurrence>
	 <gsml:MappedFeature>
	 <gsml:shape>occurrence/Mappedfeature/geom</gsml:shape>
	 </gsml:MappedFeature>
	 </gsml:occurrence>
</gsml:GeologicUnit>
