<?xml version="1.0" encoding="UTF-8"?>
<gsml:Borehole
  xmlns:gsml="urn:cgi:xmlns:CGI:GeoSciML:2.0" 
  xmlns:gml="http://www.opengis.net/gml" 
  xmlns:ogc="http://www.opengis.net/ogc"
  xmlns:proc="urn:x-lcnp:proc" 
  xmlns:gwml="http://www.nrcan.gc.ca/xml/gwml/1"
  xmlns:sa="http://www.opengis.net/sampling/1.0"
  mappedType="gwml:WaterWell">
  <!-- the catalog does not use namespaces in the query (i should fix this)
<proc:namespace name="prefix">some.uri</proc:namespace>  -->
<!-- constant element, appears whatever the query,none in this case -->
 <proc:namespaces>
<proc:namespace name="gsml">urn:cgi:xmlns:CGI:GeoSciML:2.0</proc:namespace>
<proc:namespace name="gwml">http://www.nrcan.gc.ca/xml/gwml/1</proc:namespace>
<proc:namespace name="gml">http://www.opengis.net/gml</proc:namespace> 
<proc:namespace name="xlink">http://www.w3.org/1999/xlink</proc:namespace>
<proc:namespace name="sa">http://www.opengis.net/sampling/1.0</proc:namespace>
</proc:namespaces>
<gml:name>gml:name</gml:name>
<gml:name codeSpace="urn:ietf:rfc:2141">gml:name</gml:name>
<sa:length>sa:length</sa:length>
	<!-- gsml:occurrence/gsml:MappedFeature/gsml:shape -->
	 <gsml:shape>gwml:wellLocation</gsml:shape>
</gsml:Borehole>
