<?xml version="1.0" encoding="UTF-8"?>
<gsml:MappedFeature
  xmlns:gsml="urn:cgi:xmlns:CGI:GeoSciML:2.0" 
  xmlns:gml="http://www.opengis.net/gml" 
  xmlns:ogc="http://www.opengis.net/ogc"
  xmlns:esri="http://www.esri.com/esri"
  xmlns:proc="urn:x-lcnp:proc" 
  mappedType="esri:ITA_APATSGI_EN_500k_Geologicformation-ITA_APATSGI_EN_500k_Geologicformation">
  <!-- the catalog does not use namespaces in the query (i should fix this)
<proc:namespace name="prefix">some.uri</proc:namespace>  -->
<!-- constant element, appears whatever the query,none in this case -->
 <proc:namespaces>
<proc:namespace name="gsml">urn:cgi:xmlns:CGI:GeoSciML:2.0</proc:namespace>
<proc:namespace name="gml">http://www.opengis.net/gml</proc:namespace> 
<proc:namespace name="xlink">http://www.w3.org/1999/xlink</proc:namespace>

<proc:namespace name="esri">http://www.esri.com/esri</proc:namespace>
</proc:namespaces>
<proc:targetVersion>1.0.0</proc:targetVersion>
<gml:name codeSpace="urn:ietf:rfc:2141">esri:cartobase.geo.geology500k.formation_1</gml:name>
<gsml:composition>
	<gsml:CompositionPart>
		<gsml:lithology>
			<gsml:ControlledConcept>
				<gsml:identifier codeSpace="urn:ietf:rfc:2141">esri:cartobase.geo.geology500k.litho1</gsml:identifier>
				<gsml:identifier codeSpace="urn:ietf:rfc:2141">esri:cartobase.geo.geology500k.litho2</gsml:identifier>
			</gsml:ControlledConcept>
		</gsml:lithology>
	</gsml:CompositionPart>
</gsml:composition>
	<gsml:preferredAge>
		<gsml:GeologicEvent>
		<gsml:eventAge>
			<gsml:CGI_TermValue>
					<gsml:value>esri:cartobase.geo.geology500k.etasup</gsml:value>
			</gsml:CGI_TermValue>
			</gsml:eventAge>
		</gsml:GeologicEvent>
	</gsml:preferredAge>
	<gsml:occurence><gsml:MappedFeature><gsml:shape>esri:_shape_</gsml:shape></gsml:MappedFeature></gsml:occurence>
	 	 <!-- <proc:resolvers>
		 <proc:replace name="gsml_is_pref_age" type="function" pipeline="http://sgi.apat.it/cocoon/geosciml/mediator/gsml_is_pref_age"/>
		 <proc:vocab name="age_vocab" ontology="cocoon:/mediator/ontomap/apat_mapping" property="esri:cartobase.geo.geology500k.etasup">
			 <proc:parameter name="mode" value="all"/>
		 </proc:vocab>
		 </proc:resolvers> -->
</gsml:MappedFeature>
